
> degreefyd-assignment@0.1.0 build
> next build

node.exe : ΓÜá Warning: Next.js inferred your workspace root, 
but it may not be correct.
At C:\Program Files\nodejs\npm.ps1:29 char:3
+   & $NODE_EXE $NPM_CLI_JS $args
+   ~~~~~~~~~~~~~~~~~~~~~~~~~~~~~
    + CategoryInfo          : NotSpecified: (ΓÜá Warning: Ne... 
   not be correct.:String) [], RemoteException
    + FullyQualifiedErrorId : NativeCommandError
 
 We detected multiple lockfiles and selected the directory of 
C:\Users\hp\package-lock.json as the root directory.
 To silence this warning, set `turbopack.root` in your Next.js 
config, or consider removing one of the lockfiles if it's not 
needed.
   See https://nextjs.org/docs/app/api-reference/config/next-con
fig-js/turbopack#root-directory for more information.
 Detected additional lockfiles: 
   * C:\Users\hp\Desktop\degreefyd-assignment\package-lock.json

Γû▓ Next.js 16.1.6 (Turbopack)

  Creating an optimized production build ...
Γ£ô Compiled successfully in 15.6s
  Running TypeScript ...
Failed to compile.

./src/components/Navbar.tsx:154:24
Type error: Property 'icon' does not exist on type '{ id: 
string; label: string; desc: string; }'.

[0m [90m 152 |[39m               [33m>[39m
 [90m 153 |[39m                 [33m<[39m[33mdiv[39m 
className[33m=[39m{[32m`w-10 h-10 shrink-0 rounded-[10px] 
flex items-center justify-center transition-colors ${isActive ? 
'bg-blue-100 text-blue-600' : 'bg-white text-gray-400 border 
border-gray-200 shadow-[0_2px_4px_rgba(0,0,0,0.02)] 
group-hover:text-gray-600'}`[39m}[33m>[39m
[31m[1m>[22m[39m[90m 154 |[39m                   
{cat[33m.[39micon}
 [90m     |[39m                        [31m[1m^[22m[39m
 [90m 155 |[39m                 
[33m<[39m[33m/[39m[33mdiv[39m[33m>[39m
 [90m 156 |[39m                 [33m<[39m[33mdiv[39m 
className[33m=[39m[32m"flex-1 min-w-0"[39m[33m>[39m
 [90m 157 |[39m                   [33m<[39m[33mdiv[39m 
className[33m=[39m{[32m`text-[14px] font-semibold truncate 
${isActive ? 'text-blue-700' : 'text-gray-700'}`[39m}[33m>[39
m{cat[33m.[39mlabel}[33m<[39m[33m/[39m[33mdiv[39m[33m>
[39m[0m
Next.js build worker exited with code: 1 and signal: null
